""" 
>>> say_my_name = __import__('3-say_my_name').say_my_name
>>> say_my_name("max", "doherty")
My name is max doherty

>>> say_my_name("max")
My name is max 

>>> say_my_name(12, "max")
Traceback (most recent call last):
TypeError: first_name must be a string

>>> say_my_name("max", 12)
Traceback (most recent call last):
TypeError: last_name must be a string

>>> say_my_name()
Traceback (most recent call last):
TypeError: say_name_name() missing 1 required positional argument: 'first_name'

"""