"""
>>> text_indentation = __import__('5-text_indentation').text_indentation

>>> text_indentation("Hi. My name is Max! How are you")
Hi.
<BLANKLINE>
My name is Max! How are you

>>> text_indentation(123)
Traceback (most recent call last):
TypeError: text must be a string

>>> text_indentation()
Traceback (most recent call last):
TypeError: text_indentation() missing 1 required positional argument: 'text'

>>> text_indentation("my name is Max")
my name is Max

>>> text_indentation("..."  )
.
<BLANKLINE>
.
<BLANKLINE>
.
<BLANKLINE>

"""